cpu0-processor: 0
cpu0-vendorid: GenuineIntel
cpu0-family: 6
cpu0-model: 126
cpu0-modelname: Intel(R) Core(TM) i7-1065G7 CPU @ 1.30GHz
cpu0-stepping: 5
cpu0-frequency: 1.25 GHz
cpu0-cachesize: 8 MiB
cpu0-physicalid: 0
cpu0-coreid: 0
cpu0-cores: 4
cpu0-flags: fpu,vme,de,pse,tsc,msr,pae,mce,cx8,apic,sep,mtrr,pge,mca,cmov,pat,pse36,clflush,dts,acpi,mmx,fxsr,sse,sse2,ss,ht,tm,pbe,syscall,nx,pdpe1gb,rdtscp,lm,constant_tsc,art,arch_perfmon,pebs,bts,rep_good,nopl,xtopology,nonstop_tsc,cpuid,aperfmperf,tsc_known_freq,pni,pclmulqdq,dtes64,monitor,ds_cpl,vmx,est,tm2,ssse3,sdbg,fma,cx16,xtpr,pdcm,pcid,sse4_1,sse4_2,x2apic,movbe,popcnt,tsc_deadline_timer,aes,xsave,avx,f16c,rdrand,lahf_lm,abm,3dnowprefetch,cpuid_fault,epb,invpcid_single,ssbd,ibrs,ibpb,stibp,ibrs_enhanced,tpr_shadow,vnmi,flexpriority,ept,vpid,ept_ad,fsgsbase,tsc_adjust,bmi1,avx2,smep,bmi2,erms,invpcid,avx512f,avx512dq,rdseed,adx,smap,avx512ifma,clflushopt,intel_pt,avx512cd,sha_ni,avx512bw,avx512vl,xsaveopt,xsavec,xgetbv1,xsaves,dtherm,ida,arat,pln,pts,hwp,hwp_act_window,hwp_epp,hwp_pkg_req,avx512vbmi,umip,pku,ospke,avx512_vbmi2,gfni,vaes,vpclmulqdq,avx512_vnni,avx512_bitalg,avx512_vpopcntdq,rdpid,md_clear,flush_l1d,arch_capabilities
cpu1-processor: 1
cpu1-vendorid: GenuineIntel
cpu1-family: 6
cpu1-model: 126
cpu1-modelname: Intel(R) Core(TM) i7-1065G7 CPU @ 1.30GHz
cpu1-stepping: 5
cpu1-frequency: 1.22 GHz
cpu1-cachesize: 8 MiB
cpu1-physicalid: 0
cpu1-coreid: 1
cpu1-cores: 4
cpu1-flags: fpu,vme,de,pse,tsc,msr,pae,mce,cx8,apic,sep,mtrr,pge,mca,cmov,pat,pse36,clflush,dts,acpi,mmx,fxsr,sse,sse2,ss,ht,tm,pbe,syscall,nx,pdpe1gb,rdtscp,lm,constant_tsc,art,arch_perfmon,pebs,bts,rep_good,nopl,xtopology,nonstop_tsc,cpuid,aperfmperf,tsc_known_freq,pni,pclmulqdq,dtes64,monitor,ds_cpl,vmx,est,tm2,ssse3,sdbg,fma,cx16,xtpr,pdcm,pcid,sse4_1,sse4_2,x2apic,movbe,popcnt,tsc_deadline_timer,aes,xsave,avx,f16c,rdrand,lahf_lm,abm,3dnowprefetch,cpuid_fault,epb,invpcid_single,ssbd,ibrs,ibpb,stibp,ibrs_enhanced,tpr_shadow,vnmi,flexpriority,ept,vpid,ept_ad,fsgsbase,tsc_adjust,bmi1,avx2,smep,bmi2,erms,invpcid,avx512f,avx512dq,rdseed,adx,smap,avx512ifma,clflushopt,intel_pt,avx512cd,sha_ni,avx512bw,avx512vl,xsaveopt,xsavec,xgetbv1,xsaves,dtherm,ida,arat,pln,pts,hwp,hwp_act_window,hwp_epp,hwp_pkg_req,avx512vbmi,umip,pku,ospke,avx512_vbmi2,gfni,vaes,vpclmulqdq,avx512_vnni,avx512_bitalg,avx512_vpopcntdq,rdpid,md_clear,flush_l1d,arch_capabilities
cpu2-processor: 2
cpu2-vendorid: GenuineIntel
cpu2-family: 6
cpu2-model: 126
cpu2-modelname: Intel(R) Core(TM) i7-1065G7 CPU @ 1.30GHz
cpu2-stepping: 5
cpu2-frequency: 1.25 GHz
cpu2-cachesize: 8 MiB
cpu2-physicalid: 0
cpu2-coreid: 2
cpu2-cores: 4
cpu2-flags: fpu,vme,de,pse,tsc,msr,pae,mce,cx8,apic,sep,mtrr,pge,mca,cmov,pat,pse36,clflush,dts,acpi,mmx,fxsr,sse,sse2,ss,ht,tm,pbe,syscall,nx,pdpe1gb,rdtscp,lm,constant_tsc,art,arch_perfmon,pebs,bts,rep_good,nopl,xtopology,nonstop_tsc,cpuid,aperfmperf,tsc_known_freq,pni,pclmulqdq,dtes64,monitor,ds_cpl,vmx,est,tm2,ssse3,sdbg,fma,cx16,xtpr,pdcm,pcid,sse4_1,sse4_2,x2apic,movbe,popcnt,tsc_deadline_timer,aes,xsave,avx,f16c,rdrand,lahf_lm,abm,3dnowprefetch,cpuid_fault,epb,invpcid_single,ssbd,ibrs,ibpb,stibp,ibrs_enhanced,tpr_shadow,vnmi,flexpriority,ept,vpid,ept_ad,fsgsbase,tsc_adjust,bmi1,avx2,smep,bmi2,erms,invpcid,avx512f,avx512dq,rdseed,adx,smap,avx512ifma,clflushopt,intel_pt,avx512cd,sha_ni,avx512bw,avx512vl,xsaveopt,xsavec,xgetbv1,xsaves,dtherm,ida,arat,pln,pts,hwp,hwp_act_window,hwp_epp,hwp_pkg_req,avx512vbmi,umip,pku,ospke,avx512_vbmi2,gfni,vaes,vpclmulqdq,avx512_vnni,avx512_bitalg,avx512_vpopcntdq,rdpid,md_clear,flush_l1d,arch_capabilities
cpu3-processor: 3
cpu3-vendorid: GenuineIntel
cpu3-family: 6
cpu3-model: 126
cpu3-modelname: Intel(R) Core(TM) i7-1065G7 CPU @ 1.30GHz
cpu3-stepping: 5
cpu3-frequency: 1.29 GHz
cpu3-cachesize: 8 MiB
cpu3-physicalid: 0
cpu3-coreid: 3
cpu3-cores: 4
cpu3-flags: fpu,vme,de,pse,tsc,msr,pae,mce,cx8,apic,sep,mtrr,pge,mca,cmov,pat,pse36,clflush,dts,acpi,mmx,fxsr,sse,sse2,ss,ht,tm,pbe,syscall,nx,pdpe1gb,rdtscp,lm,constant_tsc,art,arch_perfmon,pebs,bts,rep_good,nopl,xtopology,nonstop_tsc,cpuid,aperfmperf,tsc_known_freq,pni,pclmulqdq,dtes64,monitor,ds_cpl,vmx,est,tm2,ssse3,sdbg,fma,cx16,xtpr,pdcm,pcid,sse4_1,sse4_2,x2apic,movbe,popcnt,tsc_deadline_timer,aes,xsave,avx,f16c,rdrand,lahf_lm,abm,3dnowprefetch,cpuid_fault,epb,invpcid_single,ssbd,ibrs,ibpb,stibp,ibrs_enhanced,tpr_shadow,vnmi,flexpriority,ept,vpid,ept_ad,fsgsbase,tsc_adjust,bmi1,avx2,smep,bmi2,erms,invpcid,avx512f,avx512dq,rdseed,adx,smap,avx512ifma,clflushopt,intel_pt,avx512cd,sha_ni,avx512bw,avx512vl,xsaveopt,xsavec,xgetbv1,xsaves,dtherm,ida,arat,pln,pts,hwp,hwp_act_window,hwp_epp,hwp_pkg_req,avx512vbmi,umip,pku,ospke,avx512_vbmi2,gfni,vaes,vpclmulqdq,avx512_vnni,avx512_bitalg,avx512_vpopcntdq,rdpid,md_clear,flush_l1d,arch_capabilities
cpu4-processor: 4
cpu4-vendorid: GenuineIntel
cpu4-family: 6
cpu4-model: 126
cpu4-modelname: Intel(R) Core(TM) i7-1065G7 CPU @ 1.30GHz
cpu4-stepping: 5
cpu4-frequency: 1.28 GHz
cpu4-cachesize: 8 MiB
cpu4-physicalid: 0
cpu4-coreid: 0
cpu4-cores: 4
cpu4-flags: fpu,vme,de,pse,tsc,msr,pae,mce,cx8,apic,sep,mtrr,pge,mca,cmov,pat,pse36,clflush,dts,acpi,mmx,fxsr,sse,sse2,ss,ht,tm,pbe,syscall,nx,pdpe1gb,rdtscp,lm,constant_tsc,art,arch_perfmon,pebs,bts,rep_good,nopl,xtopology,nonstop_tsc,cpuid,aperfmperf,tsc_known_freq,pni,pclmulqdq,dtes64,monitor,ds_cpl,vmx,est,tm2,ssse3,sdbg,fma,cx16,xtpr,pdcm,pcid,sse4_1,sse4_2,x2apic,movbe,popcnt,tsc_deadline_timer,aes,xsave,avx,f16c,rdrand,lahf_lm,abm,3dnowprefetch,cpuid_fault,epb,invpcid_single,ssbd,ibrs,ibpb,stibp,ibrs_enhanced,tpr_shadow,vnmi,flexpriority,ept,vpid,ept_ad,fsgsbase,tsc_adjust,bmi1,avx2,smep,bmi2,erms,invpcid,avx512f,avx512dq,rdseed,adx,smap,avx512ifma,clflushopt,intel_pt,avx512cd,sha_ni,avx512bw,avx512vl,xsaveopt,xsavec,xgetbv1,xsaves,dtherm,ida,arat,pln,pts,hwp,hwp_act_window,hwp_epp,hwp_pkg_req,avx512vbmi,umip,pku,ospke,avx512_vbmi2,gfni,vaes,vpclmulqdq,avx512_vnni,avx512_bitalg,avx512_vpopcntdq,rdpid,md_clear,flush_l1d,arch_capabilities
cpu5-processor: 5
cpu5-vendorid: GenuineIntel
cpu5-family: 6
cpu5-model: 126
cpu5-modelname: Intel(R) Core(TM) i7-1065G7 CPU @ 1.30GHz
cpu5-stepping: 5
cpu5-frequency: 1.22 GHz
cpu5-cachesize: 8 MiB
cpu5-physicalid: 0
cpu5-coreid: 1
cpu5-cores: 4
cpu5-flags: fpu,vme,de,pse,tsc,msr,pae,mce,cx8,apic,sep,mtrr,pge,mca,cmov,pat,pse36,clflush,dts,acpi,mmx,fxsr,sse,sse2,ss,ht,tm,pbe,syscall,nx,pdpe1gb,rdtscp,lm,constant_tsc,art,arch_perfmon,pebs,bts,rep_good,nopl,xtopology,nonstop_tsc,cpuid,aperfmperf,tsc_known_freq,pni,pclmulqdq,dtes64,monitor,ds_cpl,vmx,est,tm2,ssse3,sdbg,fma,cx16,xtpr,pdcm,pcid,sse4_1,sse4_2,x2apic,movbe,popcnt,tsc_deadline_timer,aes,xsave,avx,f16c,rdrand,lahf_lm,abm,3dnowprefetch,cpuid_fault,epb,invpcid_single,ssbd,ibrs,ibpb,stibp,ibrs_enhanced,tpr_shadow,vnmi,flexpriority,ept,vpid,ept_ad,fsgsbase,tsc_adjust,bmi1,avx2,smep,bmi2,erms,invpcid,avx512f,avx512dq,rdseed,adx,smap,avx512ifma,clflushopt,intel_pt,avx512cd,sha_ni,avx512bw,avx512vl,xsaveopt,xsavec,xgetbv1,xsaves,dtherm,ida,arat,pln,pts,hwp,hwp_act_window,hwp_epp,hwp_pkg_req,avx512vbmi,umip,pku,ospke,avx512_vbmi2,gfni,vaes,vpclmulqdq,avx512_vnni,avx512_bitalg,avx512_vpopcntdq,rdpid,md_clear,flush_l1d,arch_capabilities
cpu6-processor: 6
cpu6-vendorid: GenuineIntel
cpu6-family: 6
cpu6-model: 126
cpu6-modelname: Intel(R) Core(TM) i7-1065G7 CPU @ 1.30GHz
cpu6-stepping: 5
cpu6-frequency: 1.23 GHz
cpu6-cachesize: 8 MiB
cpu6-physicalid: 0
cpu6-coreid: 2
cpu6-cores: 4
cpu6-flags: fpu,vme,de,pse,tsc,msr,pae,mce,cx8,apic,sep,mtrr,pge,mca,cmov,pat,pse36,clflush,dts,acpi,mmx,fxsr,sse,sse2,ss,ht,tm,pbe,syscall,nx,pdpe1gb,rdtscp,lm,constant_tsc,art,arch_perfmon,pebs,bts,rep_good,nopl,xtopology,nonstop_tsc,cpuid,aperfmperf,tsc_known_freq,pni,pclmulqdq,dtes64,monitor,ds_cpl,vmx,est,tm2,ssse3,sdbg,fma,cx16,xtpr,pdcm,pcid,sse4_1,sse4_2,x2apic,movbe,popcnt,tsc_deadline_timer,aes,xsave,avx,f16c,rdrand,lahf_lm,abm,3dnowprefetch,cpuid_fault,epb,invpcid_single,ssbd,ibrs,ibpb,stibp,ibrs_enhanced,tpr_shadow,vnmi,flexpriority,ept,vpid,ept_ad,fsgsbase,tsc_adjust,bmi1,avx2,smep,bmi2,erms,invpcid,avx512f,avx512dq,rdseed,adx,smap,avx512ifma,clflushopt,intel_pt,avx512cd,sha_ni,avx512bw,avx512vl,xsaveopt,xsavec,xgetbv1,xsaves,dtherm,ida,arat,pln,pts,hwp,hwp_act_window,hwp_epp,hwp_pkg_req,avx512vbmi,umip,pku,ospke,avx512_vbmi2,gfni,vaes,vpclmulqdq,avx512_vnni,avx512_bitalg,avx512_vpopcntdq,rdpid,md_clear,flush_l1d,arch_capabilities
cpu7-processor: 7
cpu7-vendorid: GenuineIntel
cpu7-family: 6
cpu7-model: 126
cpu7-modelname: Intel(R) Core(TM) i7-1065G7 CPU @ 1.30GHz
cpu7-stepping: 5
cpu7-frequency: 1.28 GHz
cpu7-cachesize: 8 MiB
cpu7-physicalid: 0
cpu7-coreid: 3
cpu7-cores: 4
cpu7-flags: fpu,vme,de,pse,tsc,msr,pae,mce,cx8,apic,sep,mtrr,pge,mca,cmov,pat,pse36,clflush,dts,acpi,mmx,fxsr,sse,sse2,ss,ht,tm,pbe,syscall,nx,pdpe1gb,rdtscp,lm,constant_tsc,art,arch_perfmon,pebs,bts,rep_good,nopl,xtopology,nonstop_tsc,cpuid,aperfmperf,tsc_known_freq,pni,pclmulqdq,dtes64,monitor,ds_cpl,vmx,est,tm2,ssse3,sdbg,fma,cx16,xtpr,pdcm,pcid,sse4_1,sse4_2,x2apic,movbe,popcnt,tsc_deadline_timer,aes,xsave,avx,f16c,rdrand,lahf_lm,abm,3dnowprefetch,cpuid_fault,epb,invpcid_single,ssbd,ibrs,ibpb,stibp,ibrs_enhanced,tpr_shadow,vnmi,flexpriority,ept,vpid,ept_ad,fsgsbase,tsc_adjust,bmi1,avx2,smep,bmi2,erms,invpcid,avx512f,avx512dq,rdseed,adx,smap,avx512ifma,clflushopt,intel_pt,avx512cd,sha_ni,avx512bw,avx512vl,xsaveopt,xsavec,xgetbv1,xsaves,dtherm,ida,arat,pln,pts,hwp,hwp_act_window,hwp_epp,hwp_pkg_req,avx512vbmi,umip,pku,ospke,avx512_vbmi2,gfni,vaes,vpclmulqdq,avx512_vnni,avx512_bitalg,avx512_vpopcntdq,rdpid,md_clear,flush_l1d,arch_capabilities
