cpu0-processor: 0
cpu0-features: fp,asimd,evtstrm,crc32,cpuid
cpu0-implementer: 0x41
cpu0-architecture: 8
cpu0-variant: 0x0
cpu0-part: 0xd08
cpu0-revision: 3
cpu1-processor: 1
cpu1-features: fp,asimd,evtstrm,crc32,cpuid
cpu1-implementer: 0x41
cpu1-architecture: 8
cpu1-variant: 0x0
cpu1-part: 0xd08
cpu1-revision: 3
cpu2-processor: 2
cpu2-features: fp,asimd,evtstrm,crc32,cpuid
cpu2-implementer: 0x41
cpu2-architecture: 8
cpu2-variant: 0x0
cpu2-part: 0xd08
cpu2-revision: 3
cpu3-processor: 3
cpu3-features: fp,asimd,evtstrm,crc32,cpuid
cpu3-implementer: 0x41
cpu3-architecture: 8
cpu3-variant: 0x0
cpu3-part: 0xd08
cpu3-revision: 3
